[    1193ms] [ERROR] Failed to load resource: the server responded with a status of 403 (FORBIDDEN) @ http://192.168.1.94:8000/api/method/frappe.client.get_list:0
[    1194ms] [LOG] Traceback (most recent call last):
  File "apps/frappe/frappe/app.py", line 120, in application
    response = frappe.api.handle(request)
               ^^^^^^^^^^^^^^^^^^^^^^^^^^
  File "apps/frappe/frappe/api/__init__.py", line 52, in handle
    data = endpoint(**arguments)
           ^^^^^^^^^^^^^^^^^^^^^
  File "apps/frappe/frappe/api/v1.py", line 40, in handle_rpc_call
    return frappe.handler.handle()
           ^^^^^^^^^^^^^^^^^^^^^^^
  File "apps/frappe/frappe/handler.py", line 53, in handle
    data = execute_cmd(cmd)
           ^^^^^^^^^^^^^^^^
  File "apps/frappe/frappe/handler.py", line 83, in execute_cmd
    is_whitelisted(method)
  File "apps/frappe/frappe/__init__.py", line 886, in is_whitelisted
    throw(msg, PermissionError, title=_("Method Not Allowed"))
  File "apps/frappe/frappe/__init__.py", line 621, in throw
    msgprint(
  File "apps/frappe/frappe/__init__.py", line 586, in msgprint
    _raise_exception()
  File "apps/frappe/frappe/__init__.py", line 537, in _raise_exception
    raise exc
frappe.exceptions.PermissionError: <details><summary>You are not permitted to access this resource. Login to access</summary>Function <strong>frappe.client.get_list</strong> is not whitelisted.</details>
 @ http://192.168.1.94:8000/assets/auraos/aura/assets/index-CGaltplk.js:34
[    1196ms] Error: /api/method/frappe.client.get_list PermissionError
    at Object.transformResponse (http://192.168.1.94:8000/assets/auraos/aura/assets/index-CGaltplk.js:35:27581)
    at async Proxy.i (http://192.168.1.94:8000/assets/auraos/aura/assets/index-CGaltplk.js:19:7379)
[    1200ms] [ERROR] Failed to load resource: the server responded with a status of 403 (FORBIDDEN) @ http://192.168.1.94:8000/api/method/frappe.client.get_list:0
[    1200ms] [LOG] Traceback (most recent call last):
  File "apps/frappe/frappe/app.py", line 120, in application
    response = frappe.api.handle(request)
               ^^^^^^^^^^^^^^^^^^^^^^^^^^
  File "apps/frappe/frappe/api/__init__.py", line 52, in handle
    data = endpoint(**arguments)
           ^^^^^^^^^^^^^^^^^^^^^
  File "apps/frappe/frappe/api/v1.py", line 40, in handle_rpc_call
    return frappe.handler.handle()
           ^^^^^^^^^^^^^^^^^^^^^^^
  File "apps/frappe/frappe/handler.py", line 53, in handle
    data = execute_cmd(cmd)
           ^^^^^^^^^^^^^^^^
  File "apps/frappe/frappe/handler.py", line 83, in execute_cmd
    is_whitelisted(method)
  File "apps/frappe/frappe/__init__.py", line 886, in is_whitelisted
    throw(msg, PermissionError, title=_("Method Not Allowed"))
  File "apps/frappe/frappe/__init__.py", line 621, in throw
    msgprint(
  File "apps/frappe/frappe/__init__.py", line 586, in msgprint
    _raise_exception()
  File "apps/frappe/frappe/__init__.py", line 537, in _raise_exception
    raise exc
frappe.exceptions.PermissionError: <details><summary>You are not permitted to access this resource. Login to access</summary>Function <strong>frappe.client.get_list</strong> is not whitelisted.</details>
 @ http://192.168.1.94:8000/assets/auraos/aura/assets/index-CGaltplk.js:34
[    1201ms] Error: /api/method/frappe.client.get_list PermissionError
    at Object.transformResponse (http://192.168.1.94:8000/assets/auraos/aura/assets/index-CGaltplk.js:35:27581)
    at async Proxy.i (http://192.168.1.94:8000/assets/auraos/aura/assets/index-CGaltplk.js:19:7379)
[    1432ms] [LOG] Deprecated as of 10.6.0. initHighlighting() is deprecated.  Use highlightAll() instead. @ http://192.168.1.94:8000/assets/frappe/dist/js/frappe-web.bundle.IUTNYYND.js:22421
