[     812ms] [ERROR] Failed to load resource: the server responded with a status of 403 (FORBIDDEN) @ http://192.168.1.94:8000/api/method/frappe.client.get_list:0
[     815ms] [ERROR] Failed to load resource: the server responded with a status of 403 (FORBIDDEN) @ http://192.168.1.94:8000/api/method/auraos.api.silent_quote_deals:0
[     815ms] [ERROR] Failed to load resource: the server responded with a status of 403 (FORBIDDEN) @ http://192.168.1.94:8000/api/method/auraos.api.deal_quote_links:0
[     815ms] [LOG] Traceback (most recent call last):
  File "apps/frappe/frappe/app.py", line 120, in application
    response = frappe.api.handle(request)
               ^^^^^^^^^^^^^^^^^^^^^^^^^^
  File "apps/frappe/frappe/api/__init__.py", line 52, in handle
    data = endpoint(**arguments)
           ^^^^^^^^^^^^^^^^^^^^^
  File "apps/frappe/frappe/api/v1.py", line 40, in handle_rpc_call
    return frappe.handler.handle()
           ^^^^^^^^^^^^^^^^^^^^^^^
  File "apps/frappe/frappe/handler.py", line 53, in handle
    data = execute_cmd(cmd)
           ^^^^^^^^^^^^^^^^
  File "apps/frappe/frappe/handler.py", line 83, in execute_cmd
    is_whitelisted(method)
  File "apps/frappe/frappe/__init__.py", line 886, in is_whitelisted
    throw(msg, PermissionError, title=_("Method Not Allowed"))
  File "apps/frappe/frappe/__init__.py", line 621, in throw
    msgprint(
  File "apps/frappe/frappe/__init__.py", line 586, in msgprint
    _raise_exception()
  File "apps/frappe/frappe/__init__.py", line 537, in _raise_exception
    raise exc
frappe.exceptions.PermissionError: <details><summary>You are not permitted to access this resource. Login to access</summary>Function <strong>frappe.client.get_list</strong> is not whitelisted.</details>
 @ http://192.168.1.94:8000/assets/auraos/aura/assets/index-D-5_82_y.js:34
[     816ms] [ERROR] Failed to load resource: the server responded with a status of 403 (FORBIDDEN) @ http://192.168.1.94:8000/api/method/frappe.client.get_list:0
[     819ms] Error: /api/method/frappe.client.get_list PermissionError
    at Object.transformResponse (http://192.168.1.94:8000/assets/auraos/aura/assets/index-D-5_82_y.js:35:27581)
    at async Proxy.i (http://192.168.1.94:8000/assets/auraos/aura/assets/index-D-5_82_y.js:19:7379)
[     816ms] [ERROR] Failed to load resource: the server responded with a status of 403 (FORBIDDEN) @ http://192.168.1.94:8000/api/method/auraos.api.get_margin_floor:0
[     817ms] [LOG] Traceback (most recent call last):
  File "apps/frappe/frappe/app.py", line 120, in application
    response = frappe.api.handle(request)
               ^^^^^^^^^^^^^^^^^^^^^^^^^^
  File "apps/frappe/frappe/api/__init__.py", line 52, in handle
    data = endpoint(**arguments)
           ^^^^^^^^^^^^^^^^^^^^^
  File "apps/frappe/frappe/api/v1.py", line 40, in handle_rpc_call
    return frappe.handler.handle()
           ^^^^^^^^^^^^^^^^^^^^^^^
  File "apps/frappe/frappe/handler.py", line 53, in handle
    data = execute_cmd(cmd)
           ^^^^^^^^^^^^^^^^
  File "apps/frappe/frappe/handler.py", line 83, in execute_cmd
    is_whitelisted(method)
  File "apps/frappe/frappe/__init__.py", line 886, in is_whitelisted
    throw(msg, PermissionError, title=_("Method Not Allowed"))
  File "apps/frappe/frappe/__init__.py", line 621, in throw
    msgprint(
  File "apps/frappe/frappe/__init__.py", line 586, in msgprint
    _raise_exception()
  File "apps/frappe/frappe/__init__.py", line 537, in _raise_exception
    raise exc
frappe.exceptions.PermissionError: <details><summary>You are not permitted to access this resource. Login to access</summary>Function <strong>auraos.api.deal_quote_links</strong> is not whitelisted.</details>
 @ http://192.168.1.94:8000/assets/auraos/aura/assets/index-D-5_82_y.js:34
[     818ms] [LOG] Traceback (most recent call last):
  File "apps/frappe/frappe/app.py", line 120, in application
    response = frappe.api.handle(request)
               ^^^^^^^^^^^^^^^^^^^^^^^^^^
  File "apps/frappe/frappe/api/__init__.py", line 52, in handle
    data = endpoint(**arguments)
           ^^^^^^^^^^^^^^^^^^^^^
  File "apps/frappe/frappe/api/v1.py", line 40, in handle_rpc_call
    return frappe.handler.handle()
           ^^^^^^^^^^^^^^^^^^^^^^^
  File "apps/frappe/frappe/handler.py", line 53, in handle
    data = execute_cmd(cmd)
           ^^^^^^^^^^^^^^^^
  File "apps/frappe/frappe/handler.py", line 83, in execute_cmd
    is_whitelisted(method)
  File "apps/frappe/frappe/__init__.py", line 886, in is_whitelisted
    throw(msg, PermissionError, title=_("Method Not Allowed"))
  File "apps/frappe/frappe/__init__.py", line 621, in throw
    msgprint(
  File "apps/frappe/frappe/__init__.py", line 586, in msgprint
    _raise_exception()
  File "apps/frappe/frappe/__init__.py", line 537, in _raise_exception
    raise exc
frappe.exceptions.PermissionError: <details><summary>You are not permitted to access this resource. Login to access</summary>Function <strong>auraos.api.silent_quote_deals</strong> is not whitelisted.</details>
 @ http://192.168.1.94:8000/assets/auraos/aura/assets/index-D-5_82_y.js:34
[     821ms] Error: /api/method/auraos.api.deal_quote_links PermissionError
    at Object.transformResponse (http://192.168.1.94:8000/assets/auraos/aura/assets/index-D-5_82_y.js:35:27581)
    at async Proxy.i (http://192.168.1.94:8000/assets/auraos/aura/assets/index-D-5_82_y.js:19:7379)
[     818ms] [LOG] Traceback (most recent call last):
  File "apps/frappe/frappe/app.py", line 120, in application
    response = frappe.api.handle(request)
               ^^^^^^^^^^^^^^^^^^^^^^^^^^
  File "apps/frappe/frappe/api/__init__.py", line 52, in handle
    data = endpoint(**arguments)
           ^^^^^^^^^^^^^^^^^^^^^
  File "apps/frappe/frappe/api/v1.py", line 40, in handle_rpc_call
    return frappe.handler.handle()
           ^^^^^^^^^^^^^^^^^^^^^^^
  File "apps/frappe/frappe/handler.py", line 53, in handle
    data = execute_cmd(cmd)
           ^^^^^^^^^^^^^^^^
  File "apps/frappe/frappe/handler.py", line 83, in execute_cmd
    is_whitelisted(method)
  File "apps/frappe/frappe/__init__.py", line 886, in is_whitelisted
    throw(msg, PermissionError, title=_("Method Not Allowed"))
  File "apps/frappe/frappe/__init__.py", line 621, in throw
    msgprint(
  File "apps/frappe/frappe/__init__.py", line 586, in msgprint
    _raise_exception()
  File "apps/frappe/frappe/__init__.py", line 537, in _raise_exception
    raise exc
frappe.exceptions.PermissionError: <details><summary>You are not permitted to access this resource. Login to access</summary>Function <strong>frappe.client.get_list</strong> is not whitelisted.</details>
 @ http://192.168.1.94:8000/assets/auraos/aura/assets/index-D-5_82_y.js:34
[     821ms] Error: /api/method/auraos.api.silent_quote_deals PermissionError
    at Object.transformResponse (http://192.168.1.94:8000/assets/auraos/aura/assets/index-D-5_82_y.js:35:27581)
    at async Proxy.i (http://192.168.1.94:8000/assets/auraos/aura/assets/index-D-5_82_y.js:19:7379)
[     818ms] [LOG] Traceback (most recent call last):
  File "apps/frappe/frappe/app.py", line 120, in application
    response = frappe.api.handle(request)
               ^^^^^^^^^^^^^^^^^^^^^^^^^^
  File "apps/frappe/frappe/api/__init__.py", line 52, in handle
    data = endpoint(**arguments)
           ^^^^^^^^^^^^^^^^^^^^^
  File "apps/frappe/frappe/api/v1.py", line 40, in handle_rpc_call
    return frappe.handler.handle()
           ^^^^^^^^^^^^^^^^^^^^^^^
  File "apps/frappe/frappe/handler.py", line 53, in handle
    data = execute_cmd(cmd)
           ^^^^^^^^^^^^^^^^
  File "apps/frappe/frappe/handler.py", line 83, in execute_cmd
    is_whitelisted(method)
  File "apps/frappe/frappe/__init__.py", line 886, in is_whitelisted
    throw(msg, PermissionError, title=_("Method Not Allowed"))
  File "apps/frappe/frappe/__init__.py", line 621, in throw
    msgprint(
  File "apps/frappe/frappe/__init__.py", line 586, in msgprint
    _raise_exception()
  File "apps/frappe/frappe/__init__.py", line 537, in _raise_exception
    raise exc
frappe.exceptions.PermissionError: <details><summary>You are not permitted to access this resource. Login to access</summary>Function <strong>auraos.api.get_margin_floor</strong> is not whitelisted.</details>
 @ http://192.168.1.94:8000/assets/auraos/aura/assets/index-D-5_82_y.js:34
[     821ms] Error: /api/method/frappe.client.get_list PermissionError
    at Object.transformResponse (http://192.168.1.94:8000/assets/auraos/aura/assets/index-D-5_82_y.js:35:27581)
    at async Proxy.i (http://192.168.1.94:8000/assets/auraos/aura/assets/index-D-5_82_y.js:19:7379)
[     821ms] Error: /api/method/auraos.api.get_margin_floor PermissionError
    at Object.transformResponse (http://192.168.1.94:8000/assets/auraos/aura/assets/index-D-5_82_y.js:35:27581)
    at async Proxy.i (http://192.168.1.94:8000/assets/auraos/aura/assets/index-D-5_82_y.js:19:7379)
[     838ms] [ERROR] Failed to load resource: the server responded with a status of 403 (FORBIDDEN) @ http://192.168.1.94:8000/api/method/auraos.api.jobs_by_deal:0
[     838ms] [ERROR] Failed to load resource: the server responded with a status of 403 (FORBIDDEN) @ http://192.168.1.94:8000/api/method/frappe.client.get_list:0
[     839ms] [LOG] Traceback (most recent call last):
  File "apps/frappe/frappe/app.py", line 120, in application
    response = frappe.api.handle(request)
               ^^^^^^^^^^^^^^^^^^^^^^^^^^
  File "apps/frappe/frappe/api/__init__.py", line 52, in handle
    data = endpoint(**arguments)
           ^^^^^^^^^^^^^^^^^^^^^
  File "apps/frappe/frappe/api/v1.py", line 40, in handle_rpc_call
    return frappe.handler.handle()
           ^^^^^^^^^^^^^^^^^^^^^^^
  File "apps/frappe/frappe/handler.py", line 53, in handle
    data = execute_cmd(cmd)
           ^^^^^^^^^^^^^^^^
  File "apps/frappe/frappe/handler.py", line 83, in execute_cmd
    is_whitelisted(method)
  File "apps/frappe/frappe/__init__.py", line 886, in is_whitelisted
    throw(msg, PermissionError, title=_("Method Not Allowed"))
  File "apps/frappe/frappe/__init__.py", line 621, in throw
    msgprint(
  File "apps/frappe/frappe/__init__.py", line 586, in msgprint
    _raise_exception()
  File "apps/frappe/frappe/__init__.py", line 537, in _raise_exception
    raise exc
frappe.exceptions.PermissionError: <details><summary>You are not permitted to access this resource. Login to access</summary>Function <strong>auraos.api.jobs_by_deal</strong> is not whitelisted.</details>
 @ http://192.168.1.94:8000/assets/auraos/aura/assets/index-D-5_82_y.js:34
[     839ms] [LOG] Traceback (most recent call last):
  File "apps/frappe/frappe/app.py", line 120, in application
    response = frappe.api.handle(request)
               ^^^^^^^^^^^^^^^^^^^^^^^^^^
  File "apps/frappe/frappe/api/__init__.py", line 52, in handle
    data = endpoint(**arguments)
           ^^^^^^^^^^^^^^^^^^^^^
  File "apps/frappe/frappe/api/v1.py", line 40, in handle_rpc_call
    return frappe.handler.handle()
           ^^^^^^^^^^^^^^^^^^^^^^^
  File "apps/frappe/frappe/handler.py", line 53, in handle
    data = execute_cmd(cmd)
           ^^^^^^^^^^^^^^^^
  File "apps/frappe/frappe/handler.py", line 83, in execute_cmd
    is_whitelisted(method)
  File "apps/frappe/frappe/__init__.py", line 886, in is_whitelisted
    throw(msg, PermissionError, title=_("Method Not Allowed"))
  File "apps/frappe/frappe/__init__.py", line 621, in throw
    msgprint(
  File "apps/frappe/frappe/__init__.py", line 586, in msgprint
    _raise_exception()
  File "apps/frappe/frappe/__init__.py", line 537, in _raise_exception
    raise exc
frappe.exceptions.PermissionError: <details><summary>You are not permitted to access this resource. Login to access</summary>Function <strong>frappe.client.get_list</strong> is not whitelisted.</details>
 @ http://192.168.1.94:8000/assets/auraos/aura/assets/index-D-5_82_y.js:34
[     840ms] Error: /api/method/auraos.api.jobs_by_deal PermissionError
    at Object.transformResponse (http://192.168.1.94:8000/assets/auraos/aura/assets/index-D-5_82_y.js:35:27581)
    at async Proxy.i (http://192.168.1.94:8000/assets/auraos/aura/assets/index-D-5_82_y.js:19:7379)
[     840ms] Error: /api/method/frappe.client.get_list PermissionError
    at Object.transformResponse (http://192.168.1.94:8000/assets/auraos/aura/assets/index-D-5_82_y.js:35:27581)
    at async Proxy.i (http://192.168.1.94:8000/assets/auraos/aura/assets/index-D-5_82_y.js:19:7379)
[     840ms] [ERROR] Failed to load resource: the server responded with a status of 403 (FORBIDDEN) @ http://192.168.1.94:8000/api/method/auraos.api.deal_tags_map:0
[     841ms] [ERROR] Failed to load resource: the server responded with a status of 403 (FORBIDDEN) @ http://192.168.1.94:8000/api/method/auraos.api.operating_users:0
[     841ms] [LOG] Traceback (most recent call last):
  File "apps/frappe/frappe/app.py", line 120, in application
    response = frappe.api.handle(request)
               ^^^^^^^^^^^^^^^^^^^^^^^^^^
  File "apps/frappe/frappe/api/__init__.py", line 52, in handle
    data = endpoint(**arguments)
           ^^^^^^^^^^^^^^^^^^^^^
  File "apps/frappe/frappe/api/v1.py", line 40, in handle_rpc_call
    return frappe.handler.handle()
           ^^^^^^^^^^^^^^^^^^^^^^^
  File "apps/frappe/frappe/handler.py", line 53, in handle
    data = execute_cmd(cmd)
           ^^^^^^^^^^^^^^^^
  File "apps/frappe/frappe/handler.py", line 83, in execute_cmd
    is_whitelisted(method)
  File "apps/frappe/frappe/__init__.py", line 886, in is_whitelisted
    throw(msg, PermissionError, title=_("Method Not Allowed"))
  File "apps/frappe/frappe/__init__.py", line 621, in throw
    msgprint(
  File "apps/frappe/frappe/__init__.py", line 586, in msgprint
    _raise_exception()
  File "apps/frappe/frappe/__init__.py", line 537, in _raise_exception
    raise exc
frappe.exceptions.PermissionError: <details><summary>You are not permitted to access this resource. Login to access</summary>Function <strong>auraos.api.deal_tags_map</strong> is not whitelisted.</details>
 @ http://192.168.1.94:8000/assets/auraos/aura/assets/index-D-5_82_y.js:34
[     843ms] Error: /api/method/auraos.api.deal_tags_map PermissionError
    at Object.transformResponse (http://192.168.1.94:8000/assets/auraos/aura/assets/index-D-5_82_y.js:35:27581)
    at async Proxy.i (http://192.168.1.94:8000/assets/auraos/aura/assets/index-D-5_82_y.js:19:7379)
[     842ms] [LOG] Traceback (most recent call last):
  File "apps/frappe/frappe/app.py", line 120, in application
    response = frappe.api.handle(request)
               ^^^^^^^^^^^^^^^^^^^^^^^^^^
  File "apps/frappe/frappe/api/__init__.py", line 52, in handle
    data = endpoint(**arguments)
           ^^^^^^^^^^^^^^^^^^^^^
  File "apps/frappe/frappe/api/v1.py", line 40, in handle_rpc_call
    return frappe.handler.handle()
           ^^^^^^^^^^^^^^^^^^^^^^^
  File "apps/frappe/frappe/handler.py", line 53, in handle
    data = execute_cmd(cmd)
           ^^^^^^^^^^^^^^^^
  File "apps/frappe/frappe/handler.py", line 83, in execute_cmd
    is_whitelisted(method)
  File "apps/frappe/frappe/__init__.py", line 886, in is_whitelisted
    throw(msg, PermissionError, title=_("Method Not Allowed"))
  File "apps/frappe/frappe/__init__.py", line 621, in throw
    msgprint(
  File "apps/frappe/frappe/__init__.py", line 586, in msgprint
    _raise_exception()
  File "apps/frappe/frappe/__init__.py", line 537, in _raise_exception
    raise exc
frappe.exceptions.PermissionError: <details><summary>You are not permitted to access this resource. Login to access</summary>Function <strong>auraos.api.operating_users</strong> is not whitelisted.</details>
 @ http://192.168.1.94:8000/assets/auraos/aura/assets/index-D-5_82_y.js:34
[     844ms] Error: /api/method/auraos.api.operating_users PermissionError
    at Object.transformResponse (http://192.168.1.94:8000/assets/auraos/aura/assets/index-D-5_82_y.js:35:27581)
    at async Proxy.i (http://192.168.1.94:8000/assets/auraos/aura/assets/index-D-5_82_y.js:19:7379)
[     842ms] [ERROR] Failed to load resource: the server responded with a status of 403 (FORBIDDEN) @ http://192.168.1.94:8000/api/method/frappe.client.get_list:0
[     843ms] [LOG] Traceback (most recent call last):
  File "apps/frappe/frappe/app.py", line 120, in application
    response = frappe.api.handle(request)
               ^^^^^^^^^^^^^^^^^^^^^^^^^^
  File "apps/frappe/frappe/api/__init__.py", line 52, in handle
    data = endpoint(**arguments)
           ^^^^^^^^^^^^^^^^^^^^^
  File "apps/frappe/frappe/api/v1.py", line 40, in handle_rpc_call
    return frappe.handler.handle()
           ^^^^^^^^^^^^^^^^^^^^^^^
  File "apps/frappe/frappe/handler.py", line 53, in handle
    data = execute_cmd(cmd)
           ^^^^^^^^^^^^^^^^
  File "apps/frappe/frappe/handler.py", line 83, in execute_cmd
    is_whitelisted(method)
  File "apps/frappe/frappe/__init__.py", line 886, in is_whitelisted
    throw(msg, PermissionError, title=_("Method Not Allowed"))
  File "apps/frappe/frappe/__init__.py", line 621, in throw
    msgprint(
  File "apps/frappe/frappe/__init__.py", line 586, in msgprint
    _raise_exception()
  File "apps/frappe/frappe/__init__.py", line 537, in _raise_exception
    raise exc
frappe.exceptions.PermissionError: <details><summary>You are not permitted to access this resource. Login to access</summary>Function <strong>frappe.client.get_list</strong> is not whitelisted.</details>
 @ http://192.168.1.94:8000/assets/auraos/aura/assets/index-D-5_82_y.js:34
[     844ms] Error: /api/method/frappe.client.get_list PermissionError
    at Object.transformResponse (http://192.168.1.94:8000/assets/auraos/aura/assets/index-D-5_82_y.js:35:27581)
    at async Proxy.i (http://192.168.1.94:8000/assets/auraos/aura/assets/index-D-5_82_y.js:19:7379)
[    1297ms] [LOG] Deprecated as of 10.6.0. initHighlighting() is deprecated.  Use highlightAll() instead. @ http://192.168.1.94:8000/assets/frappe/dist/js/frappe-web.bundle.IUTNYYND.js:22421
[    6815ms] [ERROR] Failed to load resource: the server responded with a status of 404 (NOT FOUND) @ http://192.168.1.94:8000/favicon.ico:0
[   12137ms] [WARNING] The resource http://192.168.1.94:8000/website_script.js was preloaded using link preload but not used within a few seconds from the window's load event. Please make sure it has an appropriate `as` value and it is preloaded intentionally. @ http://192.168.1.94:8000/aura/contacts:0
